<html>
<body>
<pre>
<h1>µVision Build Log</h1>
<h2>Tool Versions:</h2>
IDE-Version: µVision V5.35.0.0
Copyright (C) 2021 ARM Ltd and ARM Germany GmbH. All rights reserved.
License Information: Vlad Zhatkin, SFU, LIC=----
 
Tool Versions:
Toolchain:       MDK-Lite  Version: 5.35.0.2
Toolchain Path:  C:\Keil_v5\ARM\ARMCC\Bin
C Compiler:      Armcc.exe V5.06 update 7 (build 960)
Assembler:       Armasm.exe V5.06 update 7 (build 960)
Linker/Locator:  ArmLink.exe V5.06 update 7 (build 960)
Library Manager: ArmAr.exe V5.06 update 7 (build 960)
Hex Converter:   FromElf.exe V5.06 update 7 (build 960)
CPU DLL:         SARMCM3.DLL V5.35.0.2
Dialog DLL:      DCM.DLL V1.17.3.0
Target DLL:      UL2CM3.DLL V1.164.0.0
Dialog DLL:      TCM.DLL V1.53.0.0
 
<h2>Project:</h2>
D:\Users\kakka\Desktop\Ó÷åáà\Micro\LAB111\laba.uvprojx
Project File Date:  09/29/2021

<h2>Output:</h2>
*** Using Compiler 'V5.06 update 7 (build 960)', folder: 'C:\Keil_v5\ARM\ARMCC\Bin'
Build target 'Target 1'
assembling startup.s...
main.s(57): warning: A1488W: PROC/FUNC at line 21 in 'main.s' without matching ENDP/ENDFUNC
   included by GET/INCLUDE directive from (1): warning: 
   included by GET/INCLUDE directive from : 
main.s(107): warning: A1865W: '#' not seen before constant expression
   included by GET/INCLUDE directive from (1): warning: 
   included by GET/INCLUDE directive from : 
main.s(111): warning: A1865W: '#' not seen before constant expression
   included by GET/INCLUDE directive from (1): warning: 
   included by GET/INCLUDE directive from : 
main.s(137): warning: A1447W: Missing END directive at end of file, but found a label named END
   included by GET/INCLUDE directive from (1): warning: 
   included by GET/INCLUDE directive from : 
assembling main.s...
main.s(57): warning: A1488W: PROC/FUNC at line 21 in 'main.s' without matching ENDP/ENDFUNC
main.s(107): warning: A1865W: '#' not seen before constant expression
main.s(111): warning: A1865W: '#' not seen before constant expression
main.s(137): warning: A1447W: Missing END directive at end of file, but found a label named END
linking...
.\Objects\laba.sct(8): warning: L6314W: No section matches pattern *(InRoot$$Sections).
Program Size: Code=272 RO-data=40 RW-data=64 ZI-data=0  
Finished: 0 information, 1 warning and 0 error messages.
".\Objects\laba.axf" - 0 Error(s), 13 Warning(s).

<h2>Software Packages used:</h2>

Package Vendor: Keil
                http://www.keil.com/pack/Keil.STM32F1xx_DFP.2.3.0.pack
                Keil.STM32F1xx_DFP.2.3.0
                STMicroelectronics STM32F1 Series Device Support, Drivers and Examples

<h2>Collection of Component include folders:</h2>
  C:\Users\kakka\AppData\Local\Arm\Packs\Keil\STM32F1xx_DFP\2.3.0\Device\Include

<h2>Collection of Component Files used:</h2>
Build Time Elapsed:  00:00:00
</pre>
</body>
</html>
