Component: ARM Compiler 5.06 update 7 (build 960) Tool: armlink [4d3601]

==============================================================================

Section Cross References

    startup.o(MAIN) refers to startup.o(CONSTANT_FLASH) for mas
    startup.o(MAIN) refers to startup.o(VERIABLE_RAM) for result
    startup.o(RESET) refers to startup.o(MAIN) for main
    main.o(MAIN) refers to main.o(CONSTANT_FLASH) for mas
    main.o(MAIN) refers to main.o(VERIABLE_RAM) for result


==============================================================================

Removing Unused input sections from the image.

    Removing main.o(CONSTANT_FLASH), (10 bytes).
    Removing main.o(VERIABLE_RAM), (36 bytes).
    Removing main.o(MAIN), (148 bytes).

3 unused section(s) (total 194 bytes) removed from the image.

==============================================================================

Image Symbol Table

    Local Symbols

    Symbol Name                              Value     Ov Type        Size  Object(Section)

    main.s                                   0x00000000   Number         0  main.o ABSOLUTE
    startup.s                                0x00000000   Number         0  startup.o ABSOLUTE
    stm32_EQU.s                              0x00000000   Number         0  stm32_equ.o ABSOLUTE
    RESET                                    0x08000000   Section       12  startup.o(RESET)
    startup                                  0x08000009   Thumb Code     4  startup.o(RESET)
    MAIN                                     0x0800000c   Section      148  startup.o(MAIN)
    main                                     0x0800000d   Thumb Code    30  startup.o(MAIN)
    var13                                    0x0800002b   Thumb Code    18  startup.o(MAIN)
    min_find                                 0x0800003d   Thumb Code    68  startup.o(MAIN)
    mas_cpy                                  0x08000081   Thumb Code    24  startup.o(MAIN)
    CONSTANT_FLASH                           0x080000a0   Section       10  startup.o(CONSTANT_FLASH)
    mas                                      0x080000a0   Data          10  startup.o(CONSTANT_FLASH)
    VERIABLE_RAM                             0x20000000   Section       36  startup.o(VERIABLE_RAM)
    result                                   0x20000000   Data          36  startup.o(VERIABLE_RAM)

    Global Symbols

    Symbol Name                              Value     Ov Type        Size  Object(Section)

    BuildAttributes$$THM_ISAv4$P$D$K$B$S$PE$A:L22UL41UL21$X:L11$S22US41US21$IEEE1$IW$USESV6$~STKCKD$USESV7$~SHL$OSPACE$EBA8$STANDARDLIB$EABIv2 0x00000000   Number         0  anon$$obj.o ABSOLUTE



==============================================================================

Memory Map of the image

  Image Entry point : 0x08000009

  Load Region LR_IROM1 (Base: 0x08000000, Size: 0x000000d0, Max: 0x00010000, ABSOLUTE)

    Execution Region ER_IROM1 (Exec base: 0x08000000, Load base: 0x08000000, Size: 0x000000ac, Max: 0x00010000, ABSOLUTE)

    Exec Addr    Load Addr    Size         Type   Attr      Idx    E Section Name        Object

    0x08000000   0x08000000   0x0000000c   Code   RO            4  * RESET               startup.o
    0x0800000c   0x0800000c   0x00000094   Code   RO            3    MAIN                startup.o
    0x080000a0   0x080000a0   0x0000000a   Data   RO            1    CONSTANT_FLASH      startup.o


    Execution Region RW_IRAM1 (Exec base: 0x20000000, Load base: 0x080000ac, Size: 0x00000024, Max: 0x00005000, ABSOLUTE)

    Exec Addr    Load Addr    Size         Type   Attr      Idx    E Section Name        Object

    0x20000000   0x080000ac   0x00000024   Data   RW            2    VERIABLE_RAM        startup.o


==============================================================================

Image component sizes


      Code (inc. data)   RO Data    RW Data    ZI Data      Debug   Object Name

       160         16         10         36          0        772   startup.o

    ----------------------------------------------------------------------
       160         16         12         36          0        772   Object Totals
         0          0          0          0          0          0   (incl. Generated)
         0          0          2          0          0          0   (incl. Padding)

    ----------------------------------------------------------------------
         0          0          0          0          0          0   Library Totals
         0          0          0          0          0          0   (incl. Padding)

    ----------------------------------------------------------------------

==============================================================================


      Code (inc. data)   RO Data    RW Data    ZI Data      Debug   

       160         16         12         36          0        720   Grand Totals
       160         16         12         36          0        720   ELF Image Totals
       160         16         12         36          0          0   ROM Totals

==============================================================================

    Total RO  Size (Code + RO Data)                  172 (   0.17kB)
    Total RW  Size (RW Data + ZI Data)                36 (   0.04kB)
    Total ROM Size (Code + RO Data + RW Data)        208 (   0.20kB)

==============================================================================

