


ARM Macro Assembler    Page 1 


    1 00000000 20000000 
                       STACK   EQU              0x20000000
    2 00000000 00000500 
                       STACK_SIZE
                               EQU              0x500
    3 00000000 20000500 
                       STACK_TOP
                               EQU              STACK+STACK_SIZE
    4 00000000         
    5 00000000 00000000 
                       NULL    EQU              0x00
    6 00000000 00000001 
                       ONE     EQU              0x01
    7 00000000                 END
Command Line: --debug --xref --diag_suppress=9931 --cpu=Cortex-M3 --apcs=interw
ork --depend=.\objects\stm32_equ.d -o.\objects\stm32_equ.o -IC:\Users\kakka\App
Data\Local\Arm\Packs\Keil\STM32F1xx_DFP\2.3.0\Device\Include --predefine="__EVA
L SETA 1" --predefine="__UVISION_VERSION SETA 535" --predefine="STM32F10X_MD SE
TA 1" --list=.\listings\stm32_equ.lst stm32_EQU.s



ARM Macro Assembler    Page 1 Alphabetic symbol ordering
Absolute symbols

NULL 00000000

Symbol: NULL
   Definitions
      At line 5 in file stm32_EQU.s
   Uses
      None
Comment: NULL unused
ONE 00000001

Symbol: ONE
   Definitions
      At line 6 in file stm32_EQU.s
   Uses
      None
Comment: ONE unused
STACK 20000000

Symbol: STACK
   Definitions
      At line 1 in file stm32_EQU.s
   Uses
      At line 3 in file stm32_EQU.s
Comment: STACK used once
STACK_SIZE 00000500

Symbol: STACK_SIZE
   Definitions
      At line 2 in file stm32_EQU.s
   Uses
      At line 3 in file stm32_EQU.s
Comment: STACK_SIZE used once
STACK_TOP 20000500

Symbol: STACK_TOP
   Definitions
      At line 3 in file stm32_EQU.s
   Uses
      None
Comment: STACK_TOP unused
5 symbols
338 symbols in table
